Reusing configuration cache.
> Task :cacheVersionManifest1.21.1 UP-TO-DATE
> Task :neoFormListLibraries UP-TO-DATE
> Task :cacheVersionExecutableClient1.21.1 UP-TO-DATE
> Task :cacheVersionExecutableServer1.21.1 UP-TO-DATE
> Task :cacheVersionMappingsClient1.21.1 UP-TO-DATE
> Task :cacheVersionExtractedServer1.21.1 UP-TO-DATE
> Task :neoFormStripClient UP-TO-DATE
> Task :create1.21.1ClientExtraJar UP-TO-DATE
> Task :neoFormStripServer UP-TO-DATE
> Task :selectRawArtifactNg_dummy_ng.net.minecraft_client_1.21.1_client-extra UP-TO-DATE
> Task :neoFormMergeMappings UP-TO-DATE
> Task :neoFormMerge UP-TO-DATE
> Task :neoFormListTransformLibraries UP-TO-DATE
> Task :neoFormRename UP-TO-DATE
> Task :neoFormDecompile UP-TO-DATE
> Task :neoFormInject UP-TO-DATE
> Task :neoFormPatch UP-TO-DATE
> Task :neoFormPatchUserDev UP-TO-DATE
> Task :neoFormTransformSource UP-TO-DATE
> Task :neoFormRecompile UP-TO-DATE
> Task :supplyRawJarForneoFormJoined1.21.1-20240808.144430 UP-TO-DATE
> Task :selectRawArtifactNg_dummy_ng.net.neoforged_neoforge_21.1.218 UP-TO-DATE

> Task :compileJava FAILED
./gradlew : C:\Users\
Cristian\.gemini\anti
gravity\scratch\Zombi
eApocalypseAddon\src\
main\java\com\rique\z
ombieapocalypse\Event
Handler.java:25: 
warning: [removal] 
bus() in 
EventBusSubscriber 
has been deprecated 
and marked for 
removal
At line:1 char:1
+ ./gradlew 
compileJava 2>&1 > 
build_output.txt; 
Get-Content 
build_outp ...
+ ~~~~~~~~~~~~~~~~~~~
~~~~~~~~~~~~~~~~~~~~~
~~~~~
    + CategoryInfo   
           : NotSpe  
  cified: (C:\User   
 s\Cristi...ked f    
or removal:Strin    
g) [], RemoteExc    
eption
    + FullyQualified 
   ErrorId : Native  
  CommandError
 
@EventBusSubscriber(m
odid = ZombieApocalyp
seAddon.MODID, bus = 
EventBusSubscriber.Bu
s.GAME)
                     
                     
               ^
C:\Users\Cristian\.ge
mini\antigravity\scra
tch\ZombieApocalypseA
ddon\src\main\java\co
m\rique\zombieapocaly
pse\EventHandler.java
:25: warning: 
[removal] Bus in 
EventBusSubscriber 
has been deprecated 
and marked for 
removal
@EventBusSubscriber(m
odid = ZombieApocalyp
seAddon.MODID, bus = 
EventBusSubscriber.Bu
s.GAME)
                     
                     
                     
                  ^
C:\Users\Cristian\.ge
mini\antigravity\scra
tch\ZombieApocalypseA
ddon\src\main\java\co
m\rique\zombieapocaly
pse\EventHandler.java
:186: error: method 
isSolidRender in 
class BlockStateBase 
cannot be applied to 
given types;
            if (!leve
l.getBlockState(below
Pos).isSolidRender())
 {
                     
                     
    ^
  required: 
BlockGetter,BlockPos
  found:    no 
arguments
  reason: actual and 
formal argument 
lists differ in 
length
C:\Users\Cristian\.ge
mini\antigravity\scra
tch\ZombieApocalypseA
ddon\src\main\java\co
m\rique\zombieapocaly
pse\EventHandler.java
:190: error: method 
isSolidRender in 
class BlockStateBase 
cannot be applied to 
given types;
            if (level
.getBlockState(spawnP
os).isSolidRender()) 
{
                     
                     
   ^
  required: 
BlockGetter,BlockPos
  found:    no 
arguments
  reason: actual and 
formal argument 
lists differ in 
length
C:\Users\Cristian\.ge
mini\antigravity\scra
tch\ZombieApocalypseA
ddon\src\main\java\co
m\rique\zombieapocaly
pse\EventHandler.java
:194: error: method 
isSolidRender in 
class BlockStateBase 
cannot be applied to 
given types;
            if (level
.getBlockState(spawnP
os.above()).isSolidRe
nder()) {
                     
                     
           ^
  required: 
BlockGetter,BlockPos
  found:    no 
arguments
  reason: actual and 
formal argument 
lists differ in 
length
C:\Users\Cristian\.ge
mini\antigravity\scra
tch\ZombieApocalypseA
ddon\src\main\java\co
m\rique\zombieapocaly
pse\ModCommands.java:
14: warning: 
[removal] bus() in 
EventBusSubscriber 
has been deprecated 
and marked for 
removal
@EventBusSubscriber(m
odid = ZombieApocalyp
seAddon.MODID, bus = 
EventBusSubscriber.Bu
s.GAME)
                     
                     
               ^
C:\Users\Cristian\.ge
mini\antigravity\scra
tch\ZombieApocalypseA
ddon\src\main\java\co
m\rique\zombieapocaly
pse\ModCommands.java:
14: warning: 
[removal] Bus in 
EventBusSubscriber 
has been deprecated 
and marked for 
removal
@EventBusSubscriber(m
odid = ZombieApocalyp
seAddon.MODID, bus = 
EventBusSubscriber.Bu
s.GAME)
                     
                     
                     
                  ^
3 errors
4 warnings

[Incubating] Problems report is available at: file:///C:/Users/Cristian/.gemini/antigravity/scratch/ZombieApocalypseAddon/build/reports/problems/problems-report.html

FAILURE: Build 
failed with an 
exception.

* What went wrong:
Execution failed for 
task ':compileJava'.
> Compilation 
failed; see the 
compiler output 
below.
  C:\Users\Cristian\.
gemini\antigravity\sc
ratch\ZombieApocalyps
eAddon\src\main\java\
com\rique\zombieapoca
lypse\EventHandler.ja
va:186: error: 
method isSolidRender 
in class 
BlockStateBase 
cannot be applied to 
given types;
              if (!le
vel.getBlockState(bel
owPos).isSolidRender(
)) {
                     
                     
      ^
    required: 
BlockGetter,BlockPos
    found:    no 
arguments
    reason: actual 
and formal argument 
lists differ in 
length
  C:\Users\Cristian\.
gemini\antigravity\sc
ratch\ZombieApocalyps
eAddon\src\main\java\
com\rique\zombieapoca
lypse\EventHandler.ja
va:190: error: 
method isSolidRender 
in class 
BlockStateBase 
cannot be applied to 
given types;
              if (lev
el.getBlockState(spaw
nPos).isSolidRender()
) {
                     
                     
     ^
    required: 
BlockGetter,BlockPos
    found:    no 
arguments
    reason: actual 
and formal argument 
lists differ in 
length
  C:\Users\Cristian\.
gemini\antigravity\sc
ratch\ZombieApocalyps
eAddon\src\main\java\
com\rique\zombieapoca
lypse\EventHandler.ja
va:194: error: 
method isSolidRender 
in class 
BlockStateBase 
cannot be applied to 
given types;
              if (lev
el.getBlockState(spaw
nPos.above()).isSolid
Render()) {
                     
                     
             ^
    required: 
BlockGetter,BlockPos
    found:    no 
arguments
    reason: actual 
and formal argument 
lists differ in 
length
  C:\Users\Cristian\.
gemini\antigravity\sc
ratch\ZombieApocalyps
eAddon\src\main\java\
com\rique\zombieapoca
lypse\EventHandler.ja
va:25: warning: 
[removal] bus() in 
EventBusSubscriber 
has been deprecated 
and marked for 
removal
  @EventBusSubscriber
(modid = ZombieApocal
ypseAddon.MODID, bus 
= EventBusSubscriber.
Bus.GAME)
                     
                     
                 ^
  C:\Users\Cristian\.
gemini\antigravity\sc
ratch\ZombieApocalyps
eAddon\src\main\java\
com\rique\zombieapoca
lypse\EventHandler.ja
va:25: warning: 
[removal] Bus in 
EventBusSubscriber 
has been deprecated 
and marked for 
removal
  @EventBusSubscriber
(modid = ZombieApocal
ypseAddon.MODID, bus 
= EventBusSubscriber.
Bus.GAME)
                     
                     
                     
                    ^
  C:\Users\Cristian\.
gemini\antigravity\sc
ratch\ZombieApocalyps
eAddon\src\main\java\
com\rique\zombieapoca
lypse\ModCommands.jav
a:14: warning: 
[removal] bus() in 
EventBusSubscriber 
has been deprecated 
and marked for 
removal
  @EventBusSubscriber
(modid = ZombieApocal
ypseAddon.MODID, bus 
= EventBusSubscriber.
Bus.GAME)
                     
                     
                 ^
  C:\Users\Cristian\.
gemini\antigravity\sc
ratch\ZombieApocalyps
eAddon\src\main\java\
com\rique\zombieapoca
lypse\ModCommands.jav
a:14: warning: 
[removal] Bus in 
EventBusSubscriber 
has been deprecated 
and marked for 
removal
  @EventBusSubscriber
(modid = ZombieApocal
ypseAddon.MODID, bus 
= EventBusSubscriber.
Bus.GAME)
                     
                     
                     
                    ^
  3 errors
  4 warnings

* Try:
> Check your code 
and dependencies to 
fix the compilation 
error(s)
> Run with --scan to 
generate a Build 
Scan (powered by 
Develocity).

BUILD FAILED in 955ms
23 actionable tasks: 1 executed, 22 up-to-date
Configuration cache entry reused.
